tree: traffic-and-dragons-next-ten-ending
--- exact word (what #536 covers)
    reply : You find a crate. [ITEM_GAINED:Constructor] [ITEM_GAINED:Healing potion]
    pack  : ["Longsword","Travel ration","Constructor","Healing potion"]
    summary line (tagLog.m): ["+Constructor","+Healing potion"]
    console: []
    toasts: ["🎒 Collected: Constructor, Healing potion"]
    control reply : You find a crate. [ITEM_GAINED:Construqtor] [ITEM_GAINED:Healing potion]
    control pack  : ["Longsword","Travel ration","Construqtor","Healing potion"]
    control summary: ["+Construqtor","+Healing potion"]
    control toasts: ["🎒 Collected: Construqtor, Healing potion"]
--- plural s
    reply : You find a crate. [ITEM_GAINED:Constructors] [ITEM_GAINED:Healing potion]
    pack  : ["Longsword","Travel ration","Constructors","Healing potion"]
    summary line (tagLog.m): ["+Constructors","+Healing potion"]
    console: []
    toasts: ["🎒 Collected: Constructors, Healing potion"]
    control reply : You find a crate. [ITEM_GAINED:Construqtors] [ITEM_GAINED:Healing potion]
    control pack  : ["Longsword","Travel ration","Construqtors","Healing potion"]
    control summary: ["+Construqtors","+Healing potion"]
    control toasts: ["🎒 Collected: Construqtors, Healing potion"]
--- count suffix
    reply : You find a crate. [ITEM_GAINED:Constructor x2] [ITEM_GAINED:Healing potion]
    pack  : ["Longsword","Travel ration","Constructor x2","Healing potion"]
    summary line (tagLog.m): ["+Constructor x2","+Healing potion"]
    console: []
    toasts: ["🎒 Collected: Constructor x2, Healing potion"]
    control reply : You find a crate. [ITEM_GAINED:Construqtor x2] [ITEM_GAINED:Healing potion]
    control pack  : ["Longsword","Travel ration","Construqtor x2","Healing potion"]
    control summary: ["+Construqtor x2","+Healing potion"]
    control toasts: ["🎒 Collected: Construqtor x2, Healing potion"]
--- provenance parenthetical (the form the tag doc teaches)
    reply : You find a crate. [ITEM_GAINED:Constructor (from the smith)] [ITEM_GAINED:Healing potion]
    pack  : ["Longsword","Travel ration","Constructor (from the smith)","Healing potion"]
    summary line (tagLog.m): ["+Constructor (from the smith)","+Healing potion"]
    console: []
    toasts: ["🎒 Collected: Constructor (from the smith), Healing potion"]
    control reply : You find a crate. [ITEM_GAINED:Construqtor (from the smith)] [ITEM_GAINED:Healing potion]
    control pack  : ["Longsword","Travel ration","Construqtor (from the smith)","Healing potion"]
    control summary: ["+Construqtor (from the smith)","+Healing potion"]
    control toasts: ["🎒 Collected: Construqtor (from the smith), Healing potion"]
--- dash clause
    reply : You find a crate. [ITEM_GAINED:Constructor — a mason's level] [ITEM_GAINED:Healing potion]
    pack  : ["Longsword","Travel ration","Constructor — a mason's level","Healing potion"]
    summary line (tagLog.m): ["+Constructor — a mason's level","+Healing potion"]
    console: []
    toasts: ["🎒 Collected: Constructor — a mason's level, Healing potion"]
    control reply : You find a crate. [ITEM_GAINED:Construqtor — a mason's level] [ITEM_GAINED:Healing potion]
    control pack  : ["Longsword","Travel ration","Construqtor — a mason's level","Healing potion"]
    control summary: ["+Construqtor — a mason's level","+Healing potion"]
    control toasts: ["🎒 Collected: Construqtor — a mason's level, Healing potion"]
--- inside a quest-outcome claim
    reply : The bell rings. [CANON_TXN_BEGIN:c1|quest-outcome|-|-|Find the bell][QUEST:Find the bell|completed][GOLD:20][ITEM_GAINED:Constructors][CANON_TXN_END:c1]
    pack  : ["Longsword","Travel ration","Constructors"]
    summary line (tagLog.m): ["+20 gp","+Constructors","Quest Find the bell: completed","+50 XP (quest milestone: Find the bell)","party +50 XP"]
    console: []
    toasts: ["✦ +50 XP — quest completed: Find the bell","✓ Quest completed: Find the bell — +50 XP, +20 gp, 1 item","🎒 Collected: Constructors"]
    control reply : The bell rings. [CANON_TXN_BEGIN:c1|quest-outcome|-|-|Find the bell][QUEST:Find the bell|completed][GOLD:20][ITEM_GAINED:Construqtors][CANON_TXN_END:c1]
    control pack  : ["Longsword","Travel ration","Construqtors"]
    control summary: ["+20 gp","+Construqtors","Quest Find the bell: completed","+50 XP (quest milestone: Find the bell)","party +50 XP"]
    control toasts: ["✦ +50 XP — quest completed: Find the bell","✓ Quest completed: Find the bell — +50 XP, +20 gp, 1 item","🎒 Collected: Construqtors"]
    (after the claim) quest log: [] | archived: ["Find the bell"] | gold undefined | quarantined: []
--- lose it again next turn
    pack: ["Longsword"]
    summary: ["-Constructors","-Travel ration"]
    console: []
