corpus_playtest_v11078_gemini37.json : 11 replies | summary lines 399c08c57fa47630 | end state 38e78fd0b0a05d99 (14327 chars)
corpus_playtest_v11078_gemini37_488note.json : 9 replies | summary lines fcfad9b14baf5dd4 | end state 7838aa4fc8b1c98e (13803 chars)
corpus_playtest_v11078_gemini37_cache.json : 11 replies | summary lines 17412c9fad02c6ac | end state d04a7f91ef76cc08 (14199 chars)
corpus_playtest_v1238.json : 40 replies | summary lines a9902b8153b2a0cb | end state 65cf08b66d07b717 (14638 chars)
corpus_playtest_v1258.json : 100 replies | summary lines e57022414dd8a395 | end state 4c4b3583a5727310 (28804 chars)
corpus_playtest_v1271.json : 29 replies | summary lines 87ded61f428b3c1e | end state b5bb62e26ab5be49 (20693 chars)
corpus_playtest_v1275.json : 8 replies | summary lines fc7424238bc2fdc0 | end state 7a4cd85b2806ceb8 (10290 chars)
corpus_playtest_v1276.json : 12 replies | summary lines 1784d16dd1b430dc | end state 554b61074c5c2320 (14165 chars)
corpus_playtest_v1635_gemini.json : 50 replies | summary lines ac1ecb4b71dd8eec | end state aa279543c8d2c8f4 (34056 chars)
corpus_playtest_v1636_gpt4o.json : 50 replies | summary lines b4bb7b158b3c754d | end state 0ed8ae8707cbea96 (8606 chars)
corpus_playtest_v1636_sonnet.json : 50 replies | summary lines d80e4c833c7a9b30 | end state 8d9eb56ee2bd3ff8 (22642 chars)
corpus_playtest_v1637_grok.json : 50 replies | summary lines 4d3586ec584b9f8a | end state 970ec426b8cb3ab5 (7967 chars)
corpus_playtest_v1638_gemini37flash.json : 50 replies | summary lines 6040c9922aaeb173 | end state e4bd6a1830fb2d7c (27326 chars)
corpus_playtest_v1640_gpt56sol.json : 50 replies | summary lines 8bbd2290d01060b5 | end state a009fcb94f5c2484 (35160 chars)
corpus_playtest_v1640_grok46.json : 50 replies | summary lines 229ff19b6e0a37f4 | end state f53f14508a2be6e3 (68549 chars)
corpus_playtest_v1640_sonnet5.json : 50 replies | summary lines 7ab40f1289ccf23d | end state 2e7041a09e437cc5 (21971 chars)
corpus_playtest_v1642_opus5.json : 50 replies | summary lines 823a4b2a9b94e97b | end state 0a059a8df798143d (43996 chars)
corpus_playtest_v1644_gemini37low.json : 50 replies | summary lines 486c04d146f7247a | end state 94f1d4d55a9e3ce4 (38820 chars)
corpus_playtest_v1645_gemini37low_muir.json : 50 replies | summary lines 6f13e05bb7301a0a | end state 755a1d7096f52280 (35637 chars)
corpus_playtest_v1660_gemini36.json : 50 replies | summary lines 04efd5d35967b4ee | end state 211dca58b2638c5a (21540 chars)
corpus_playtest_v1661_gptluna.json : 50 replies | summary lines f70c18ff32b2ccc8 | end state 6da995b9b5ba0d2c (29754 chars)
corpus_playtest_v1662_gptterra.json : 50 replies | summary lines 7f4b8749d70f2006 | end state 94b626e44db8678a (29828 chars)
corpus_playtest_v1667_gptluna2.json : 50 replies | summary lines a1e4ab35fd0b0a6c | end state b3523277a2fee3a9 (41797 chars)
corpus_playtest_v1689_sonnet5.json : 50 replies | summary lines c4c727ca10cd9517 | end state 1ccc8b4824c4a7bb (25472 chars)
corpus_playtest_v1767_sonnet5.json : 49 replies | summary lines 2e4864bacbe2584b | end state feffd27d0ab62ff5 (23003 chars)
corpus_playtest_v1823_sonnet5.json : 50 replies | summary lines c148ce16ef0d7b1c | end state 32d39efe245ea7fe (25038 chars)
corpus_playtest_v1847_mature226_gemini.json : 20 replies | summary lines 7be5a89f13b8e168 | end state 181c7acc72570359 (23724 chars)
corpus_playtest_v1847_mature226_sonnet5.json : 20 replies | summary lines 74e40a7c8f2a37ec | end state e3fa665db5a04065 (10469 chars)
corpus_playtest_v1847_sonnet5_344.json : 50 replies | summary lines ef6f3e53b6210d86 | end state a1f3ebb460959d3c (25097 chars)
corpus_tagsoak_v1241.json : 19 replies | summary lines 8ce97b1b5604fdb7 | end state e1f985c4e4a9afe3 (14391 chars)
corpus_village_livecheck_v1912.json : 8 replies | summary lines 0f4c1126318659c0 | end state 16f8e4543c9b76de (4212 chars)
TOTAL 1236 replies replayed | lines saying 'reserved word': 0 | handler errors or throws: 1
