
  sabotage — memory.js
   ✓ caught      word tables inherit Object.prototype again (the reported throw)
   ✓ caught      the rank table alone is a plain object (the throw's own line)
   ✓ caught      the sex table alone is a plain object (the word states a sex)
   ✓ caught      the stop-word table alone is a plain object (the word vanishes from the name)
   ✓ caught      the variant scan's stop table is a plain object
   ✓ caught      the variant scan's token sets are plain objects (a word that is not there matches)
   ✓ caught      the retrieval stop table is a plain object (the word is dropped from every query)
   ✓ caught      the retrieval term set is a plain object (the word counts as already seen)
   ✓ caught      the future-event fingerprint's set is a plain object
   ✓ file restored byte-identical
   9/9 clauses proven


  sabotage — identity.js
   ✓ caught      the death gate's title table is a plain object (his distinctive word is dropped as a title)
   ✓ caught      the death gate's operand set is a plain object (an exact match on a missing word)
   ✓ file restored byte-identical
   2/2 clauses proven


  sabotage — game.js
   ✓ caught      the button filter's stop table is a plain object
   ✓ file restored byte-identical
   1/1 clauses proven

