
  sabotage — memory.js
   ✓ caught      split-exclusion removed from the party snapshot — split members stamped at the camera node
   ✓ caught      defer seam removed — arrivals stamp MID-parse, before same-response splits settle (amendment ③)
   ✓ caught      same-turn dedupe removed — one arrival books twice
   ✓ caught      cap fold gutted — turns grow without bound, no aggregate (amendment ①)
   ✓ caught      npcRecordPresence split guard removed — a split member's derived presence becomes false attendance (#194 re-pointed: the guard moved from mapNpcLocation into the ONE presence writer)
   ✓ caught      residency fabricates a visit turn — the rejected turn-sentinel encoding sneaks back
   ✓ caught      guestbookRekeyName gutted — NPC merge orphans dup-keyed records (amendment ④)
   ✓ caught      fold drops the resident OR — a proprietor flag dies in a merge (amendment ④)
   ✓ file restored byte-identical
   8/8 clauses proven


  sabotage — tag_table.js
   ✓ caught      post-handler commit removed — queued arrivals never stamp (amendment ③'s seam)
   ✓ caught      PARTY_SPLIT own-arrival stamp removed — the split member's journey goes unrecorded
   ✓ caught      LOCATION_RESIDENT handler no-ops — the residency vocabulary exists with no teeth
   ✓ file restored byte-identical
   3/3 clauses proven


  sabotage — identity.js
   ✓ caught      locMerge guestbook fold removed — the duplicate's provenance dies with its node (brief B's finding restored)
   ✓ caught      locSplit explicit allocation removed — take.guestbook silently ignored (amendment ④)
   ✓ caught      locSplit primary fallback removed — unclaimed records vanish instead of staying with the primary
   ✓ file restored byte-identical
   3/3 clauses proven


  sabotage — state.js
   ✓ caught      heal keeps malformed records — junk survives import silently
   ✓ caught      heal cap enforcement removed — an over-cap import stays over-cap forever
   ✓ file restored byte-identical
   2/2 clauses proven


  sabotage — api.js
   ✓ caught      record-based negative removed — unrecorded silently reads as never-visited (amendment ②)
   ✓ caught      same-turn eyewitness clause removed — the t1728 collectivization fix retired
   ✓ file restored byte-identical
   2/2 clauses proven

