
  sabotage — memory.js
   ✓ caught      graph writer leaves endpoints raw
   ✓ caught      graph writer admits normalized self links
   ✓ caught      faction writer admits hero
   ✓ caught      faction writer leaves NPC alias uncanonicalized
   ✓ file restored byte-identical
   4/4 clauses proven


  sabotage — identity.js
   ✓ caught      person endpoints lose hero canonicalization
   ✓ caught      supplied hero owner reaches shadow sheet
   ✓ caught      self relationship becomes admissible
   ✓ caught      explicit writer bypasses admission
   ✓ caught      legacy writer bypasses admission
   ✓ file restored byte-identical
   5/5 clauses proven


  sabotage — tag_table.js
   ✓ caught      refused graph write emits success
   ✓ caught      refused faction write emits success
   ✓ file restored byte-identical
   2/2 clauses proven

