{
  "mode": "baseline",
  "wallMs": 36610,
  "before": {
    "labels": [
      "Warm reader · Female",
      "Deep reader · Female"
    ],
    "note": "API key savedChange keySpeechify API keyStored on this device, like your existing API keys.English trial. Load your actor catalog to begin. Test bills your Speechify API key; reader subscriptions are separate. Simba 3.2 honours speaking rate but not emotion tags, so there is no Emotion control here.Load / refresh voices2 actors loadedNarrator voiceWarm reader · FemaleDeep reader · FemaleWarm reader · Female · British accent · Low pitch · Rich resonantLanguage: EnglishSpeech rate 1.10×"
  },
  "lifecycle": {
    "elapsedMs": 35847,
    "cycles": 70,
    "timers": 58,
    "frames": 0,
    "checkpoints": [
      {
        "cycle": 1,
        "ms": 7,
        "timers": 1,
        "frames": 0
      },
      {
        "cycle": 11,
        "ms": 5133,
        "timers": 11,
        "frames": 0
      },
      {
        "cycle": 21,
        "ms": 10249,
        "timers": 21,
        "frames": 0
      },
      {
        "cycle": 31,
        "ms": 15369,
        "timers": 31,
        "frames": 0
      },
      {
        "cycle": 41,
        "ms": 20485,
        "timers": 41,
        "frames": 0
      },
      {
        "cycle": 51,
        "ms": 25610,
        "timers": 51,
        "frames": 0
      },
      {
        "cycle": 61,
        "ms": 30732,
        "timers": 59,
        "frames": 0
      }
    ]
  },
  "errors": [],
  "limits": "Actual Chrome clock and lifecycle handles; synthetic ready iframe, no synthesis or heap/GC measurement. All external requests aborted."
}
